     1                                  ;jumploop.asm
     2                                  ; многократное выполнения группы группы инструкций пока выполняется условие
     3                                  extern printf
     4                                  section .data
     5 00000000 0500000000000000          number  dq  5
     6 00000008 5468652073756D2066-       fmt db  "The sum form 0 to %ld is %ld",10,0
     6 00000011 6F726D203020746F20-
     6 0000001A 256C6420697320256C-
     6 00000023 640A00             
     7                                  section .bss
     8                                  section .text
     9                                    global main
    10                                  main:
    11 00000000 55                        push  rbp
    12 00000001 4889E5                    mov rbp,rsp
    13 00000004 BB00000000                mov rbx,0 ;Счётчик
    14 00000009 B800000000                mov rax,0 ;Сумма будут сохраняться в регистре rax
    15                                  jloop:
    16 0000000E 4801D8                    add rax,rbx
    17 00000011 48FFC3                    inc rbx
    18 00000014 483B1C25[00000000]        cmp rbx,[number] ;конечное число итераций цикла достигнуто?
    19 0000001C 7EF0                      jle jloop ;конечное число итераций пока не достигнуто, продожение цикла
    20                                    ;конечное число итераций достигнуто, продожить здесь
    21 0000001E 48BF-                     mov rdi,fmt ;подготовка вывода результата
    21 00000020 [0800000000000000] 
    22 00000028 488B3425[00000000]        mov rsi,[number]
    23 00000030 4889C2                    mov rdx,rax
    24 00000033 B800000000                mov rax,0
    25 00000038 E8(00000000)              call  printf
    26 0000003D 4889EC                    mov rsp,rbp
    27 00000040 5D                        pop rbp
    28 00000041 C3                        ret
