     1                                  ;printf_hello.asm
     2                                  extern  printf  ;обьявление функции, как внешней
     3                                  section .data
     4 00000000 5072696E7466206973-         msg db  "Printf is work!",0
     4 00000009 20776F726B2100     
     5 00000010 54686973206973206F-         fmtstr  db  "This is our string: %s",10,0 ;Формат вывода строки
     5 00000019 757220737472696E67-
     5 00000022 3A2025730A00       
     6                                  section .bss
     7                                  section .text
     8                                      global main
     9                                  main:
    10 00000000 55                          push    rbp
    11 00000001 4889E5                      mov     rbp,rsp
    12 00000004 48BF-                       mov     rdi,fmtstr  ;Первый аргумент для функции printf
    12 00000006 [1000000000000000] 
    13 0000000E 48BE-                       mov     rsi,msg     ;Второй аргумент для функции printf
    13 00000010 [0000000000000000] 
    14 00000018 B800000000                  mov     rax,0       ;Регистры xmm не применяются
    15 0000001D E8(00000000)                call    printf      ;Вызов внешней функкции
    16 00000022 4889EC                      mov     rsp,rbp
    17 00000025 5D                          pop     rbp
    18 00000026 B83C000000                  mov     rax,60      ;60 = выход
    19 0000002B BF00000000                  mov     rdi,0       ;0 = код успешного завершения
    20 00000030 0F05                        syscall             ;Выход
