     1                                  ;move.asm
     2                                  section .data
     3 00000000 7B                        bNum  db  123
     4 00000001 3930                      wNum  dw  12345
     5 00000003 D2029649                  dNum  dd  1234567890
     6 00000007 1581E97DF4102211          qNum1 dq  1234567890123456789
     7 0000000F 40E2010000000000          qNum2 dq  123456
     8 00000017 1F85EB51B81E0940          qNum3 dq  3.14
     9                                  section .bss
    10                                  section .text
    11                                    global main
    12                                  main:
    13 00000000 55                      push  rbp
    14 00000001 4889E5                  mov   rbp,rsp
    15 00000004 48C7C0FFFFFFFF            mov rax,-1              ;заполнение регистра rax удиницами
    16 0000000B 8A0425[00000000]          mov al, byte [bNum]     ;верхние (старшие) биты регистра не очищать
    17 00000012 4831C0                    xor rax,rax             ;очитска регистра rax
    18 00000015 8A0425[00000000]          mov al, byte [bNum]     ;теперь rax содержит корректные данные
    19 0000001C 48C7C0FFFFFFFF            mov rax,-1              ;заполнение регистра rax единицами
    20 00000023 668B0425[01000000]        mov ax, word [wNum]     ;верхние (старшие) биты регистра не очищать
    21 0000002B 4831C0                    xor rax,rax             ;очитска регистра rax
    22 0000002E 668B0425[01000000]        mov ax, word [wNum]     ;теперь rax содержит корректные данные
    23 00000036 48C7C0FFFFFFFF            mov rax,-1              ;заполнение регистра rax единицами
    24 0000003D 8B0425[03000000]          mov eax, dword [dNum]   ;очистить верхние(старшие) биты регистра rax
    25 00000044 48C7C0FFFFFFFF            mov rax,-1              ;заполнение регистра rax единицами
    26 0000004B 8B0425[07000000]          mov eax, dword [qNum1]  ;очистить верхние(старшие) биты регистра rax
    27 00000052 48890425[0F000000]        mov qword [qNum2], rax  ;один операнд всегда должен быть регистром
    28 0000005A B840E20100                mov rax, 123456         ;операнд-источнои - непосредчтвенное значение
    29 0000005F F30F7E0425-               movq xmm0,[qNum3]       ;инструкция для числа с плавающей точкой
    29 00000064 [17000000]         
    30 00000068 4889EC                  mov rsp,rbp
    31 0000006B 5D                      pop rbp
    32 0000006C C3                      ret
